GPU: AMD Radeon RX 7900 XT (ROCm)
  torch.compile: enabled (inductor)
  AMP: enabled (fp16)
  SDPA backend: default
=== Co-Training [lush-bear] ===
Device: cuda
Batch size: 4
Total steps: 1000
Variants: small, base, large
LR: 3.00e-04

  small: 8,936,960 params (256d/8L)
  base: 34,651,136 params (512d/8L)
  large: 66,909,440 params (640d/10L)

Generating shared validation set...
  [small] torch.compile enabled
  [base] torch.compile enabled
  [large] torch.compile enabled

Starting training from step 0
  [small] JSONL: /home/tas/pawn/bench/results/clm-bench/sweep/v1_cotrain_b4/run_20260528_220126_small_lush-bear/metrics.jsonl
  [base] JSONL: /home/tas/pawn/bench/results/clm-bench/sweep/v1_cotrain_b4/run_20260528_220126_base_lush-bear/metrics.jsonl
  [large] JSONL: /home/tas/pawn/bench/results/clm-bench/sweep/v1_cotrain_b4/run_20260528_220127_large_lush-bear/metrics.jsonl

step       5 | 44 g/s | 0.09s | active: small, base, large
  small: loss 7.6092 | acc 0.001 | lr 3.00e-05 | gn 1.35
   base: loss 7.6418 | acc 0.001 | lr 3.00e-05 | gn 2.50
  large: loss 7.5860 | acc 0.002 | lr 3.00e-05 | gn 2.53
step      10 | 43 g/s | 0.09s | active: small, base, large
  small: loss 7.5541 | acc 0.000 | lr 6.00e-05 | gn 0.97
   base: loss 7.5233 | acc 0.003 | lr 6.00e-05 | gn 1.60
  large: loss 7.4929 | acc 0.003 | lr 6.00e-05 | gn 1.70
step      15 | 43 g/s | 0.09s | active: small, base, large
  small: loss 7.5347 | acc 0.002 | lr 9.00e-05 | gn 0.93
   base: loss 7.4770 | acc 0.003 | lr 9.00e-05 | gn 1.21
  large: loss 7.4497 | acc 0.001 | lr 9.00e-05 | gn 1.29
step      20 | 44 g/s | 0.09s | active: small, base, large
  small: loss 7.4565 | acc 0.001 | lr 1.20e-04 | gn 0.77
   base: loss 7.3668 | acc 0.001 | lr 1.20e-04 | gn 0.95
  large: loss 7.3365 | acc 0.001 | lr 1.20e-04 | gn 0.98
step      25 | 43 g/s | 0.09s | active: small, base, large
  small: loss 7.4093 | acc 0.001 | lr 1.50e-04 | gn 0.63
   base: loss 7.2910 | acc 0.001 | lr 1.50e-04 | gn 0.76
  large: loss 7.2597 | acc 0.003 | lr 1.50e-04 | gn 0.82
step      30 | 43 g/s | 0.09s | active: small, base, large
  small: loss 7.3615 | acc 0.002 | lr 1.80e-04 | gn 0.57
   base: loss 7.2510 | acc 0.003 | lr 1.80e-04 | gn 0.72
  large: loss 7.2603 | acc 0.001 | lr 1.80e-04 | gn 0.80
step      35 | 43 g/s | 0.09s | active: small, base, large
  small: loss 7.3238 | acc 0.002 | lr 2.10e-04 | gn 0.56
   base: loss 7.2271 | acc 0.003 | lr 2.10e-04 | gn 0.70
  large: loss 7.2281 | acc 0.002 | lr 2.10e-04 | gn 0.77
step      40 | 44 g/s | 0.09s | active: small, base, large
  small: loss 7.2653 | acc 0.003 | lr 2.40e-04 | gn 0.59
   base: loss 7.2183 | acc 0.003 | lr 2.40e-04 | gn 0.78
  large: loss 7.2327 | acc 0.003 | lr 2.40e-04 | gn 0.87
step      45 | 44 g/s | 0.09s | active: small, base, large
  small: loss 7.2416 | acc 0.002 | lr 2.70e-04 | gn 0.48
   base: loss 7.2235 | acc 0.002 | lr 2.70e-04 | gn 0.65
  large: loss 7.2292 | acc 0.003 | lr 2.70e-04 | gn 0.72
step      50 | 44 g/s | 0.09s | active: small, base, large
  small: loss 7.1805 | acc 0.003 | lr 3.00e-04 | gn 0.52
   base: loss 7.1752 | acc 0.003 | lr 3.00e-04 | gn 0.71
  large: loss 7.1849 | acc 0.003 | lr 3.00e-04 | gn 0.81
step      55 | 44 g/s | 0.09s | active: small, base, large
  small: loss 7.1752 | acc 0.003 | lr 3.00e-04 | gn 0.46
   base: loss 7.1852 | acc 0.001 | lr 3.00e-04 | gn 0.66
  large: loss 7.1651 | acc 0.004 | lr 3.00e-04 | gn 0.74
step      60 | 44 g/s | 0.09s | active: small, base, large
  small: loss 7.1338 | acc 0.003 | lr 3.00e-04 | gn 0.44
   base: loss 7.1456 | acc 0.002 | lr 3.00e-04 | gn 0.69
  large: loss 7.1180 | acc 0.003 | lr 3.00e-04 | gn 0.76
step      65 | 44 g/s | 0.09s | active: small, base, large
  small: loss 7.0340 | acc 0.002 | lr 3.00e-04 | gn 0.48
   base: loss 7.0374 | acc 0.004 | lr 3.00e-04 | gn 0.73
  large: loss 7.0197 | acc 0.001 | lr 3.00e-04 | gn 0.80
step      70 | 44 g/s | 0.09s | active: small, base, large
  small: loss 7.1840 | acc 0.007 | lr 3.00e-04 | gn 0.52
   base: loss 7.1406 | acc 0.007 | lr 3.00e-04 | gn 0.84
  large: loss 7.1530 | acc 0.008 | lr 3.00e-04 | gn 0.88
step      75 | 44 g/s | 0.09s | active: small, base, large
  small: loss 7.2123 | acc 0.001 | lr 3.00e-04 | gn 0.51
   base: loss 7.1511 | acc 0.004 | lr 3.00e-04 | gn 0.71
  large: loss 7.1355 | acc 0.004 | lr 3.00e-04 | gn 0.79
step      80 | 44 g/s | 0.09s | active: small, base, large
  small: loss 7.2895 | acc 0.004 | lr 2.99e-04 | gn 0.49
   base: loss 7.2277 | acc 0.001 | lr 2.99e-04 | gn 0.69
  large: loss 7.2225 | acc 0.003 | lr 2.99e-04 | gn 0.77
step      85 | 44 g/s | 0.09s | active: small, base, large
  small: loss 7.1828 | acc 0.004 | lr 2.99e-04 | gn 0.48
   base: loss 7.1299 | acc 0.004 | lr 2.99e-04 | gn 0.69
  large: loss 7.1336 | acc 0.004 | lr 2.99e-04 | gn 0.81
step      90 | 44 g/s | 0.09s | active: small, base, large
  small: loss 7.2542 | acc 0.002 | lr 2.99e-04 | gn 0.45
   base: loss 7.2018 | acc 0.004 | lr 2.99e-04 | gn 0.63
  large: loss 7.2086 | acc 0.005 | lr 2.99e-04 | gn 0.72
step      95 | 43 g/s | 0.09s | active: small, base, large
  small: loss 7.1874 | acc 0.003 | lr 2.99e-04 | gn 0.48
   base: loss 7.1399 | acc 0.003 | lr 2.99e-04 | gn 0.64
  large: loss 7.1335 | acc 0.003 | lr 2.99e-04 | gn 0.72
step     100 | 44 g/s | 0.09s | active: small, base, large
  small: loss 7.1276 | acc 0.004 | lr 2.98e-04 | gn 0.59
   base: loss 7.0674 | acc 0.004 | lr 2.98e-04 | gn 0.64
  large: loss 7.0718 | acc 0.006 | lr 2.98e-04 | gn 0.72
step     105 | 44 g/s | 0.09s | active: small, base, large
  small: loss 7.1349 | acc 0.003 | lr 2.98e-04 | gn 0.52
   base: loss 7.0874 | acc 0.004 | lr 2.98e-04 | gn 0.66
  large: loss 7.0854 | acc 0.007 | lr 2.98e-04 | gn 0.73
step     110 | 43 g/s | 0.09s | active: small, base, large
  small: loss 7.1307 | acc 0.006 | lr 2.97e-04 | gn 0.61
   base: loss 7.0813 | acc 0.008 | lr 2.97e-04 | gn 0.76
  large: loss 7.0751 | acc 0.008 | lr 2.97e-04 | gn 0.84
step     115 | 42 g/s | 0.10s | active: small, base, large
  small: loss 7.1579 | acc 0.004 | lr 2.97e-04 | gn 0.48
   base: loss 7.1213 | acc 0.005 | lr 2.97e-04 | gn 0.61
  large: loss 7.1218 | acc 0.005 | lr 2.97e-04 | gn 0.68
step     120 | 43 g/s | 0.09s | active: small, base, large
  small: loss 7.1211 | acc 0.005 | lr 2.96e-04 | gn 0.48
   base: loss 7.0913 | acc 0.007 | lr 2.96e-04 | gn 0.65
  large: loss 7.0875 | acc 0.003 | lr 2.96e-04 | gn 0.72
step     125 | 41 g/s | 0.10s | active: small, base, large
  small: loss 7.0515 | acc 0.004 | lr 2.96e-04 | gn 0.46
   base: loss 7.0225 | acc 0.004 | lr 2.96e-04 | gn 0.63
  large: loss 7.0151 | acc 0.006 | lr 2.96e-04 | gn 0.70
step     130 | 43 g/s | 0.09s | active: small, base, large
  small: loss 7.0965 | acc 0.004 | lr 2.95e-04 | gn 0.48
   base: loss 7.0665 | acc 0.004 | lr 2.95e-04 | gn 0.67
  large: loss 7.0686 | acc 0.004 | lr 2.95e-04 | gn 0.74
step     135 | 43 g/s | 0.09s | active: small, base, large
  small: loss 7.1231 | acc 0.007 | lr 2.95e-04 | gn 0.53
   base: loss 7.0988 | acc 0.006 | lr 2.95e-04 | gn 0.73
  large: loss 7.0957 | acc 0.004 | lr 2.95e-04 | gn 0.81
step     140 | 44 g/s | 0.09s | active: small, base, large
  small: loss 7.1428 | acc 0.004 | lr 2.94e-04 | gn 0.48
   base: loss 7.1186 | acc 0.006 | lr 2.94e-04 | gn 0.66
  large: loss 7.1216 | acc 0.006 | lr 2.94e-04 | gn 0.74
step     145 | 43 g/s | 0.09s | active: small, base, large
  small: loss 7.0186 | acc 0.005 | lr 2.93e-04 | gn 0.50
   base: loss 6.9996 | acc 0.003 | lr 2.93e-04 | gn 0.67
  large: loss 7.0063 | acc 0.005 | lr 2.93e-04 | gn 0.74
step     150 | 43 g/s | 0.09s | active: small, base, large
  small: loss 7.2282 | acc 0.004 | lr 2.93e-04 | gn 0.49
   base: loss 7.2172 | acc 0.004 | lr 2.93e-04 | gn 0.66
  large: loss 7.2198 | acc 0.005 | lr 2.93e-04 | gn 0.73
step     155 | 43 g/s | 0.09s | active: small, base, large
  small: loss 7.1652 | acc 0.007 | lr 2.92e-04 | gn 0.58
   base: loss 7.1487 | acc 0.005 | lr 2.92e-04 | gn 0.78
  large: loss 7.1495 | acc 0.005 | lr 2.92e-04 | gn 0.86
step     160 | 44 g/s | 0.09s | active: small, base, large
  small: loss 7.1078 | acc 0.003 | lr 2.91e-04 | gn 0.48
   base: loss 7.0868 | acc 0.005 | lr 2.91e-04 | gn 0.65
  large: loss 7.0842 | acc 0.006 | lr 2.91e-04 | gn 0.72
step     165 | 43 g/s | 0.09s | active: small, base, large
  small: loss 7.0794 | acc 0.005 | lr 2.90e-04 | gn 0.50
   base: loss 7.0651 | acc 0.006 | lr 2.90e-04 | gn 0.68
  large: loss 7.0730 | acc 0.006 | lr 2.90e-04 | gn 0.76
step     170 | 44 g/s | 0.09s | active: small, base, large
  small: loss 7.1037 | acc 0.005 | lr 2.90e-04 | gn 0.50
   base: loss 7.0924 | acc 0.006 | lr 2.90e-04 | gn 0.67
  large: loss 7.0990 | acc 0.005 | lr 2.90e-04 | gn 0.75
step     175 | 43 g/s | 0.09s | active: small, base, large
  small: loss 6.9886 | acc 0.005 | lr 2.89e-04 | gn 0.49
   base: loss 6.9711 | acc 0.006 | lr 2.89e-04 | gn 0.68
  large: loss 6.9766 | acc 0.006 | lr 2.89e-04 | gn 0.77
step     180 | 44 g/s | 0.09s | active: small, base, large
  small: loss 7.1080 | acc 0.003 | lr 2.88e-04 | gn 0.42
   base: loss 7.0992 | acc 0.005 | lr 2.88e-04 | gn 0.59
  large: loss 7.1047 | acc 0.004 | lr 2.88e-04 | gn 0.66
step     185 | 43 g/s | 0.09s | active: small, base, large
  small: loss 7.0447 | acc 0.007 | lr 2.87e-04 | gn 0.52
   base: loss 7.0355 | acc 0.003 | lr 2.87e-04 | gn 0.71
  large: loss 7.0331 | acc 0.004 | lr 2.87e-04 | gn 0.79
step     190 | 44 g/s | 0.09s | active: small, base, large
  small: loss 7.0632 | acc 0.005 | lr 2.86e-04 | gn 0.53
   base: loss 7.0523 | acc 0.005 | lr 2.86e-04 | gn 0.71
  large: loss 7.0616 | acc 0.006 | lr 2.86e-04 | gn 0.81
step     195 | 43 g/s | 0.09s | active: small, base, large
  small: loss 6.9704 | acc 0.006 | lr 2.85e-04 | gn 0.56
   base: loss 6.9541 | acc 0.006 | lr 2.85e-04 | gn 0.71
  large: loss 6.9489 | acc 0.006 | lr 2.85e-04 | gn 0.80
step     200 | 43 g/s | 0.09s | active: small, base, large
  small: loss 7.0587 | acc 0.005 | lr 2.84e-04 | gn 0.46
   base: loss 7.0503 | acc 0.005 | lr 2.84e-04 | gn 0.64
  large: loss 7.0485 | acc 0.005 | lr 2.84e-04 | gn 0.74
step     205 | 43 g/s | 0.09s | active: small, base, large
  small: loss 7.1447 | acc 0.004 | lr 2.83e-04 | gn 0.54
   base: loss 7.1375 | acc 0.006 | lr 2.83e-04 | gn 0.73
  large: loss 7.1229 | acc 0.005 | lr 2.83e-04 | gn 0.83
step     210 | 44 g/s | 0.09s | active: small, base, large
  small: loss 7.0831 | acc 0.006 | lr 2.82e-04 | gn 0.49
   base: loss 7.0806 | acc 0.004 | lr 2.82e-04 | gn 0.66
  large: loss 7.0677 | acc 0.004 | lr 2.82e-04 | gn 0.78
step     215 | 43 g/s | 0.09s | active: small, base, large
  small: loss 7.0922 | acc 0.005 | lr 2.80e-04 | gn 0.43
   base: loss 7.0892 | acc 0.005 | lr 2.80e-04 | gn 0.61
  large: loss 7.0645 | acc 0.007 | lr 2.80e-04 | gn 0.70
step     220 | 43 g/s | 0.09s | active: small, base, large
  small: loss 7.0287 | acc 0.004 | lr 2.79e-04 | gn 0.45
   base: loss 7.0135 | acc 0.003 | lr 2.79e-04 | gn 0.62
  large: loss 6.9973 | acc 0.004 | lr 2.79e-04 | gn 0.71
step     225 | 44 g/s | 0.09s | active: small, base, large
  small: loss 7.0411 | acc 0.005 | lr 2.78e-04 | gn 0.48
   base: loss 7.0347 | acc 0.005 | lr 2.78e-04 | gn 0.66
  large: loss 7.0119 | acc 0.005 | lr 2.78e-04 | gn 0.77
step     230 | 43 g/s | 0.09s | active: small, base, large
  small: loss 7.1371 | acc 0.005 | lr 2.77e-04 | gn 0.48
   base: loss 7.1189 | acc 0.005 | lr 2.77e-04 | gn 0.66
  large: loss 7.0948 | acc 0.006 | lr 2.77e-04 | gn 0.76
step     235 | 44 g/s | 0.09s | active: small, base, large
  small: loss 7.1083 | acc 0.003 | lr 2.76e-04 | gn 0.42
   base: loss 7.1050 | acc 0.006 | lr 2.76e-04 | gn 0.59
  large: loss 7.0862 | acc 0.006 | lr 2.76e-04 | gn 0.67
step     240 | 44 g/s | 0.09s | active: small, base, large
  small: loss 7.0620 | acc 0.007 | lr 2.74e-04 | gn 0.55
   base: loss 7.0475 | acc 0.004 | lr 2.74e-04 | gn 0.75
  large: loss 7.0066 | acc 0.006 | lr 2.74e-04 | gn 0.85
step     245 | 44 g/s | 0.09s | active: small, base, large
  small: loss 7.0955 | acc 0.005 | lr 2.73e-04 | gn 0.48
   base: loss 7.0936 | acc 0.003 | lr 2.73e-04 | gn 0.65
  large: loss 7.0606 | acc 0.005 | lr 2.73e-04 | gn 0.71
step     250 | 44 g/s | 0.09s | active: small, base, large
  small: loss 7.0870 | acc 0.004 | lr 2.72e-04 | gn 0.48
   base: loss 7.0857 | acc 0.007 | lr 2.72e-04 | gn 0.67
  large: loss 7.0370 | acc 0.006 | lr 2.72e-04 | gn 0.74
step     255 | 43 g/s | 0.09s | active: small, base, large
  small: loss 7.1110 | acc 0.005 | lr 2.70e-04 | gn 0.48
   base: loss 7.1119 | acc 0.005 | lr 2.70e-04 | gn 0.69
  large: loss 7.0674 | acc 0.007 | lr 2.70e-04 | gn 0.77
step     260 | 43 g/s | 0.09s | active: small, base, large
  small: loss 7.1065 | acc 0.006 | lr 2.69e-04 | gn 0.43
   base: loss 7.1116 | acc 0.008 | lr 2.69e-04 | gn 0.60
  large: loss 7.0757 | acc 0.007 | lr 2.69e-04 | gn 0.67
step     265 | 43 g/s | 0.09s | active: small, base, large
  small: loss 6.9448 | acc 0.005 | lr 2.67e-04 | gn 0.42
   base: loss 6.9373 | acc 0.004 | lr 2.67e-04 | gn 0.58
  large: loss 6.8984 | acc 0.006 | lr 2.67e-04 | gn 0.65
step     270 | 44 g/s | 0.09s | active: small, base, large
  small: loss 7.0553 | acc 0.004 | lr 2.66e-04 | gn 0.44
   base: loss 7.0455 | acc 0.005 | lr 2.66e-04 | gn 0.61
  large: loss 7.0066 | acc 0.007 | lr 2.66e-04 | gn 0.67
step     275 | 43 g/s | 0.09s | active: small, base, large
  small: loss 7.1137 | acc 0.004 | lr 2.64e-04 | gn 0.48
   base: loss 7.1041 | acc 0.003 | lr 2.64e-04 | gn 0.65
  large: loss 7.0562 | acc 0.005 | lr 2.64e-04 | gn 0.74
step     280 | 42 g/s | 0.09s | active: small, base, large
  small: loss 7.1050 | acc 0.005 | lr 2.63e-04 | gn 0.50
   base: loss 7.0813 | acc 0.006 | lr 2.63e-04 | gn 0.67
  large: loss 7.0489 | acc 0.007 | lr 2.63e-04 | gn 0.76
step     285 | 44 g/s | 0.09s | active: small, base, large
  small: loss 7.0856 | acc 0.003 | lr 2.61e-04 | gn 0.48
   base: loss 7.0758 | acc 0.004 | lr 2.61e-04 | gn 0.65
  large: loss 7.0259 | acc 0.004 | lr 2.61e-04 | gn 0.72
step     290 | 43 g/s | 0.09s | active: small, base, large
  small: loss 6.9928 | acc 0.006 | lr 2.60e-04 | gn 0.44
   base: loss 6.9865 | acc 0.006 | lr 2.60e-04 | gn 0.62
  large: loss 6.9439 | acc 0.006 | lr 2.60e-04 | gn 0.68
step     295 | 43 g/s | 0.09s | active: small, base, large
  small: loss 7.1086 | acc 0.004 | lr 2.58e-04 | gn 0.45
   base: loss 7.0968 | acc 0.004 | lr 2.58e-04 | gn 0.63
  large: loss 7.0690 | acc 0.004 | lr 2.58e-04 | gn 0.69
step     300 | 41 g/s | 0.10s | active: small, base, large
  small: loss 7.0867 | acc 0.002 | lr 2.56e-04 | gn 0.44
   base: loss 7.0683 | acc 0.002 | lr 2.56e-04 | gn 0.64
  large: loss 7.0308 | acc 0.005 | lr 2.56e-04 | gn 0.69
step     305 | 43 g/s | 0.09s | active: small, base, large
  small: loss 7.1048 | acc 0.004 | lr 2.55e-04 | gn 0.45
   base: loss 7.0786 | acc 0.006 | lr 2.55e-04 | gn 0.64
  large: loss 7.0482 | acc 0.007 | lr 2.55e-04 | gn 0.70
step     310 | 43 g/s | 0.09s | active: small, base, large
  small: loss 7.0578 | acc 0.005 | lr 2.53e-04 | gn 0.47
   base: loss 7.0232 | acc 0.005 | lr 2.53e-04 | gn 0.67
  large: loss 7.0061 | acc 0.003 | lr 2.53e-04 | gn 0.72
step     315 | 43 g/s | 0.09s | active: small, base, large
  small: loss 7.0649 | acc 0.004 | lr 2.51e-04 | gn 0.42
   base: loss 7.0403 | acc 0.005 | lr 2.51e-04 | gn 0.59
  large: loss 7.0163 | acc 0.006 | lr 2.51e-04 | gn 0.68
step     320 | 43 g/s | 0.09s | active: small, base, large
  small: loss 7.1592 | acc 0.004 | lr 2.50e-04 | gn 0.50
   base: loss 7.1056 | acc 0.004 | lr 2.50e-04 | gn 0.69
  large: loss 7.0733 | acc 0.004 | lr 2.50e-04 | gn 0.76
step     325 | 43 g/s | 0.09s | active: small, base, large
  small: loss 7.0222 | acc 0.006 | lr 2.48e-04 | gn 0.48
   base: loss 6.9802 | acc 0.007 | lr 2.48e-04 | gn 0.66
  large: loss 6.9606 | acc 0.006 | lr 2.48e-04 | gn 0.74
step     330 | 43 g/s | 0.09s | active: small, base, large
  small: loss 6.9603 | acc 0.005 | lr 2.46e-04 | gn 0.52
   base: loss 6.9201 | acc 0.003 | lr 2.46e-04 | gn 0.72
  large: loss 6.9001 | acc 0.005 | lr 2.46e-04 | gn 0.78
step     335 | 44 g/s | 0.09s | active: small, base, large
  small: loss 6.9804 | acc 0.006 | lr 2.44e-04 | gn 0.44
   base: loss 6.9390 | acc 0.006 | lr 2.44e-04 | gn 0.60
  large: loss 6.9077 | acc 0.006 | lr 2.44e-04 | gn 0.67
step     340 | 43 g/s | 0.09s | active: small, base, large
  small: loss 7.0292 | acc 0.007 | lr 2.43e-04 | gn 0.50
   base: loss 6.9729 | acc 0.006 | lr 2.43e-04 | gn 0.70
  large: loss 6.9516 | acc 0.006 | lr 2.43e-04 | gn 0.78
step     345 | 43 g/s | 0.09s | active: small, base, large
  small: loss 7.0137 | acc 0.005 | lr 2.41e-04 | gn 0.44
   base: loss 6.9564 | acc 0.004 | lr 2.41e-04 | gn 0.59
  large: loss 6.9332 | acc 0.004 | lr 2.41e-04 | gn 0.65
step     350 | 43 g/s | 0.09s | active: small, base, large
  small: loss 6.9988 | acc 0.006 | lr 2.39e-04 | gn 0.45
   base: loss 6.9431 | acc 0.008 | lr 2.39e-04 | gn 0.63
  large: loss 6.9246 | acc 0.007 | lr 2.39e-04 | gn 0.70
step     355 | 44 g/s | 0.09s | active: small, base, large
  small: loss 6.9603 | acc 0.010 | lr 2.37e-04 | gn 0.55
   base: loss 6.8989 | acc 0.005 | lr 2.37e-04 | gn 0.77
  large: loss 6.8738 | acc 0.009 | lr 2.37e-04 | gn 0.86
step     360 | 44 g/s | 0.09s | active: small, base, large
  small: loss 6.9136 | acc 0.005 | lr 2.35e-04 | gn 0.53
   base: loss 6.8385 | acc 0.009 | lr 2.35e-04 | gn 0.80
  large: loss 6.7855 | acc 0.009 | lr 2.35e-04 | gn 0.83
step     365 | 43 g/s | 0.09s | active: small, base, large
  small: loss 6.9818 | acc 0.005 | lr 2.33e-04 | gn 0.52
   base: loss 6.9250 | acc 0.005 | lr 2.33e-04 | gn 0.62
  large: loss 6.9081 | acc 0.004 | lr 2.33e-04 | gn 0.72
step     370 | 43 g/s | 0.09s | active: small, base, large
  small: loss 6.8897 | acc 0.006 | lr 2.31e-04 | gn 0.41
   base: loss 6.8330 | acc 0.006 | lr 2.31e-04 | gn 0.54
  large: loss 6.8110 | acc 0.005 | lr 2.31e-04 | gn 0.68
step     375 | 44 g/s | 0.09s | active: small, base, large
  small: loss 6.9584 | acc 0.004 | lr 2.29e-04 | gn 0.57
   base: loss 6.8858 | acc 0.007 | lr 2.29e-04 | gn 0.87
  large: loss 6.8314 | acc 0.005 | lr 2.29e-04 | gn 0.90
step     380 | 44 g/s | 0.09s | active: small, base, large
  small: loss 7.1144 | acc 0.010 | lr 2.27e-04 | gn 0.53
   base: loss 7.0433 | acc 0.009 | lr 2.27e-04 | gn 0.74
  large: loss 7.0039 | acc 0.005 | lr 2.27e-04 | gn 0.82
step     385 | 43 g/s | 0.09s | active: small, base, large
  small: loss 6.9665 | acc 0.005 | lr 2.25e-04 | gn 0.44
   base: loss 6.8441 | acc 0.007 | lr 2.25e-04 | gn 0.61
  large: loss 6.8506 | acc 0.007 | lr 2.25e-04 | gn 0.64
step     390 | 43 g/s | 0.09s | active: small, base, large
  small: loss 7.1430 | acc 0.004 | lr 2.23e-04 | gn 0.46
   base: loss 7.0567 | acc 0.006 | lr 2.23e-04 | gn 0.67
  large: loss 7.0535 | acc 0.004 | lr 2.23e-04 | gn 0.70
step     395 | 43 g/s | 0.09s | active: small, base, large
  small: loss 7.0478 | acc 0.003 | lr 2.21e-04 | gn 0.44
   base: loss 6.9348 | acc 0.006 | lr 2.21e-04 | gn 0.63
  large: loss 6.9706 | acc 0.007 | lr 2.21e-04 | gn 0.74
step     400 | 43 g/s | 0.09s | active: small, base, large
  small: loss 7.0261 | acc 0.010 | lr 2.19e-04 | gn 0.50
   base: loss 6.9007 | acc 0.015 | lr 2.19e-04 | gn 0.73
  large: loss 6.8998 | acc 0.008 | lr 2.19e-04 | gn 0.77
step     405 | 43 g/s | 0.09s | active: small, base, large
  small: loss 7.0718 | acc 0.005 | lr 2.17e-04 | gn 0.41
   base: loss 6.9736 | acc 0.004 | lr 2.17e-04 | gn 0.74
  large: loss 6.9661 | acc 0.004 | lr 2.17e-04 | gn 0.64
step     410 | 43 g/s | 0.09s | active: small, base, large
  small: loss 7.1022 | acc 0.006 | lr 2.15e-04 | gn 0.52
   base: loss 6.9418 | acc 0.004 | lr 2.15e-04 | gn 0.68
  large: loss 6.9696 | acc 0.009 | lr 2.15e-04 | gn 0.75
step     415 | 44 g/s | 0.09s | active: small, base, large
  small: loss 7.0397 | acc 0.006 | lr 2.13e-04 | gn 0.56
   base: loss 6.8877 | acc 0.009 | lr 2.13e-04 | gn 0.72
  large: loss 6.9041 | acc 0.007 | lr 2.13e-04 | gn 0.83
step     420 | 43 g/s | 0.09s | active: small, base, large
  small: loss 7.0207 | acc 0.010 | lr 2.11e-04 | gn 0.46
   base: loss 6.9093 | acc 0.012 | lr 2.11e-04 | gn 0.77
  large: loss 6.9259 | acc 0.008 | lr 2.11e-04 | gn 0.84
step     425 | 44 g/s | 0.09s | active: small, base, large
  small: loss 6.9833 | acc 0.007 | lr 2.09e-04 | gn 0.44
   base: loss 6.8625 | acc 0.010 | lr 2.09e-04 | gn 0.65
  large: loss 6.8806 | acc 0.007 | lr 2.09e-04 | gn 0.68
step     430 | 44 g/s | 0.09s | active: small, base, large
  small: loss 6.9038 | acc 0.008 | lr 2.07e-04 | gn 0.51
   base: loss 6.7243 | acc 0.010 | lr 2.07e-04 | gn 0.70
  large: loss 6.7649 | acc 0.009 | lr 2.07e-04 | gn 0.77
step     435 | 43 g/s | 0.09s | active: small, base, large
  small: loss 7.0237 | acc 0.007 | lr 2.05e-04 | gn 0.46
   base: loss 6.8378 | acc 0.007 | lr 2.05e-04 | gn 0.65
  large: loss 6.9044 | acc 0.007 | lr 2.05e-04 | gn 0.71
step     440 | 43 g/s | 0.09s | active: small, base, large
  small: loss 6.9983 | acc 0.004 | lr 2.02e-04 | gn 0.50
   base: loss 6.8069 | acc 0.007 | lr 2.02e-04 | gn 0.72
  large: loss 6.8629 | acc 0.007 | lr 2.02e-04 | gn 0.76
step     445 | 43 g/s | 0.09s | active: small, base, large
  small: loss 6.9191 | acc 0.005 | lr 2.00e-04 | gn 0.57
   base: loss 6.7203 | acc 0.008 | lr 2.00e-04 | gn 0.80
  large: loss 6.7438 | acc 0.007 | lr 2.00e-04 | gn 0.91
step     450 | 42 g/s | 0.10s | active: small, base, large
  small: loss 6.9491 | acc 0.006 | lr 1.98e-04 | gn 0.53
   base: loss 6.7665 | acc 0.006 | lr 1.98e-04 | gn 0.72
  large: loss 6.7998 | acc 0.009 | lr 1.98e-04 | gn 0.79
step     455 | 43 g/s | 0.09s | active: small, base, large
  small: loss 7.1214 | acc 0.005 | lr 1.96e-04 | gn 0.63
   base: loss 6.9880 | acc 0.008 | lr 1.96e-04 | gn 0.71
  large: loss 7.0194 | acc 0.006 | lr 1.96e-04 | gn 0.75
step     460 | 43 g/s | 0.09s | active: small, base, large
  small: loss 7.0916 | acc 0.006 | lr 1.94e-04 | gn 0.49
   base: loss 6.8863 | acc 0.010 | lr 1.94e-04 | gn 0.71
  large: loss 6.9235 | acc 0.006 | lr 1.94e-04 | gn 0.69
step     465 | 43 g/s | 0.09s | active: small, base, large
  small: loss 6.9296 | acc 0.005 | lr 1.92e-04 | gn 0.49
   base: loss 6.6665 | acc 0.010 | lr 1.92e-04 | gn 0.79
  large: loss 6.7581 | acc 0.005 | lr 1.92e-04 | gn 0.67
step     470 | 43 g/s | 0.09s | active: small, base, large
  small: loss 6.9631 | acc 0.005 | lr 1.89e-04 | gn 0.51
   base: loss 6.6779 | acc 0.016 | lr 1.89e-04 | gn 0.82
  large: loss 6.7958 | acc 0.006 | lr 1.89e-04 | gn 0.79
step     475 | 43 g/s | 0.09s | active: small, base, large
  small: loss 7.0267 | acc 0.004 | lr 1.87e-04 | gn 0.50
   base: loss 6.7884 | acc 0.011 | lr 1.87e-04 | gn 0.69
  large: loss 6.8762 | acc 0.007 | lr 1.87e-04 | gn 0.71
step     480 | 44 g/s | 0.09s | active: small, base, large
  small: loss 6.9247 | acc 0.004 | lr 1.85e-04 | gn 0.53
   base: loss 6.6763 | acc 0.010 | lr 1.85e-04 | gn 0.92
  large: loss 6.7540 | acc 0.008 | lr 1.85e-04 | gn 0.78
step     485 | 44 g/s | 0.09s | active: small, base, large
  small: loss 6.9818 | acc 0.007 | lr 1.83e-04 | gn 0.49
   base: loss 6.7737 | acc 0.008 | lr 1.83e-04 | gn 0.83
  large: loss 6.8564 | acc 0.012 | lr 1.83e-04 | gn 0.72
step     490 | 44 g/s | 0.09s | active: small, base, large
  small: loss 7.0075 | acc 0.006 | lr 1.81e-04 | gn 0.50
   base: loss 6.7109 | acc 0.015 | lr 1.81e-04 | gn 0.80
  large: loss 6.8531 | acc 0.006 | lr 1.81e-04 | gn 0.85
step     495 | 43 g/s | 0.09s | active: small, base, large
  small: loss 6.9806 | acc 0.005 | lr 1.78e-04 | gn 0.59
   base: loss 6.5943 | acc 0.016 | lr 1.78e-04 | gn 1.22
  large: loss 6.8161 | acc 0.007 | lr 1.78e-04 | gn 0.64
step     500 | 44 g/s | 0.09s | active: small, base, large
  small: loss 6.9230 | acc 0.009 | lr 1.76e-04 | gn 0.49
   base: loss 6.5626 | acc 0.021 | lr 1.76e-04 | gn 0.78
  large: loss 6.7340 | acc 0.009 | lr 1.76e-04 | gn 0.71
step     505 | 43 g/s | 0.09s | active: small, base, large
  small: loss 6.8941 | acc 0.006 | lr 1.74e-04 | gn 0.48
   base: loss 6.4705 | acc 0.024 | lr 1.74e-04 | gn 0.88
  large: loss 6.7158 | acc 0.009 | lr 1.74e-04 | gn 0.68
step     510 | 43 g/s | 0.09s | active: small, base, large
  small: loss 6.9261 | acc 0.007 | lr 1.72e-04 | gn 0.49
   base: loss 6.5306 | acc 0.019 | lr 1.72e-04 | gn 1.13
  large: loss 6.7621 | acc 0.010 | lr 1.72e-04 | gn 0.70
step     515 | 43 g/s | 0.09s | active: small, base, large
  small: loss 6.9186 | acc 0.006 | lr 1.69e-04 | gn 0.59
   base: loss 6.4204 | acc 0.025 | lr 1.69e-04 | gn 1.23
  large: loss 6.7314 | acc 0.007 | lr 1.69e-04 | gn 0.70
step     520 | 43 g/s | 0.09s | active: small, base, large
  small: loss 6.8498 | acc 0.007 | lr 1.67e-04 | gn 0.56
   base: loss 6.3523 | acc 0.033 | lr 1.67e-04 | gn 1.13
  large: loss 6.6839 | acc 0.008 | lr 1.67e-04 | gn 0.79
step     525 | 43 g/s | 0.09s | active: small, base, large
  small: loss 6.9580 | acc 0.005 | lr 1.65e-04 | gn 0.48
   base: loss 6.4470 | acc 0.034 | lr 1.65e-04 | gn 0.98
  large: loss 6.8045 | acc 0.008 | lr 1.65e-04 | gn 0.66
step     530 | 44 g/s | 0.09s | active: small, base, large
  small: loss 6.9289 | acc 0.008 | lr 1.63e-04 | gn 0.57
   base: loss 6.5229 | acc 0.021 | lr 1.63e-04 | gn 1.08
  large: loss 6.7744 | acc 0.008 | lr 1.63e-04 | gn 0.79
step     535 | 43 g/s | 0.09s | active: small, base, large
  small: loss 6.8771 | acc 0.007 | lr 1.61e-04 | gn 0.82
   base: loss 6.4418 | acc 0.035 | lr 1.61e-04 | gn 1.56
  large: loss 6.7164 | acc 0.007 | lr 1.61e-04 | gn 0.78
step     540 | 44 g/s | 0.09s | active: small, base, large
  small: loss 6.9258 | acc 0.002 | lr 1.58e-04 | gn 0.65
   base: loss 6.4170 | acc 0.034 | lr 1.58e-04 | gn 1.08
  large: loss 6.7773 | acc 0.008 | lr 1.58e-04 | gn 0.78
step     545 | 43 g/s | 0.09s | active: small, base, large
  small: loss 7.0579 | acc 0.004 | lr 1.56e-04 | gn 0.75
   base: loss 6.4785 | acc 0.036 | lr 1.56e-04 | gn 1.36
  large: loss 6.9250 | acc 0.006 | lr 1.56e-04 | gn 0.75
step     550 | 44 g/s | 0.09s | active: small, base, large
  small: loss 6.9057 | acc 0.010 | lr 1.54e-04 | gn 0.68
   base: loss 6.4345 | acc 0.041 | lr 1.54e-04 | gn 1.01
  large: loss 6.8118 | acc 0.008 | lr 1.54e-04 | gn 0.88
step     555 | 44 g/s | 0.09s | active: small, base, large
  small: loss 6.8734 | acc 0.008 | lr 1.52e-04 | gn 0.67
   base: loss 6.5056 | acc 0.016 | lr 1.52e-04 | gn 0.94
  large: loss 6.7756 | acc 0.006 | lr 1.52e-04 | gn 0.83
step     560 | 43 g/s | 0.09s | active: small, base, large
  small: loss 6.8947 | acc 0.007 | lr 1.49e-04 | gn 0.70
   base: loss 6.1881 | acc 0.042 | lr 1.49e-04 | gn 0.91
  large: loss 6.7419 | acc 0.009 | lr 1.49e-04 | gn 0.75
step     565 | 43 g/s | 0.09s | active: small, base, large
  small: loss 6.8372 | acc 0.007 | lr 1.47e-04 | gn 0.67
   base: loss 6.0216 | acc 0.059 | lr 1.47e-04 | gn 0.95
  large: loss 6.6279 | acc 0.009 | lr 1.47e-04 | gn 0.95
step     570 | 44 g/s | 0.09s | active: small, base, large
  small: loss 6.8243 | acc 0.006 | lr 1.45e-04 | gn 0.65
   base: loss 5.9296 | acc 0.047 | lr 1.45e-04 | gn 1.09
  large: loss 6.6392 | acc 0.008 | lr 1.45e-04 | gn 0.96
step     575 | 43 g/s | 0.09s | active: small, base, large
  small: loss 6.9486 | acc 0.009 | lr 1.43e-04 | gn 0.54
   base: loss 6.3962 | acc 0.033 | lr 1.43e-04 | gn 0.85
  large: loss 6.8321 | acc 0.008 | lr 1.43e-04 | gn 0.75
step     580 | 43 g/s | 0.09s | active: small, base, large
  small: loss 6.9122 | acc 0.006 | lr 1.41e-04 | gn 0.51
   base: loss 6.1479 | acc 0.037 | lr 1.41e-04 | gn 0.78
  large: loss 6.7431 | acc 0.004 | lr 1.41e-04 | gn 0.72
step     585 | 43 g/s | 0.09s | active: small, base, large
  small: loss 6.7546 | acc 0.010 | lr 1.38e-04 | gn 0.54
   base: loss 5.7930 | acc 0.057 | lr 1.38e-04 | gn 0.86
  large: loss 6.5231 | acc 0.014 | lr 1.38e-04 | gn 0.83
step     590 | 43 g/s | 0.09s | active: small, base, large
  small: loss 6.8014 | acc 0.005 | lr 1.36e-04 | gn 0.63
   base: loss 6.0453 | acc 0.039 | lr 1.36e-04 | gn 0.87
  large: loss 6.6202 | acc 0.009 | lr 1.36e-04 | gn 0.94
step     595 | 43 g/s | 0.09s | active: small, base, large
  small: loss 6.8702 | acc 0.006 | lr 1.34e-04 | gn 0.48
   base: loss 6.0492 | acc 0.044 | lr 1.34e-04 | gn 0.81
  large: loss 6.7060 | acc 0.008 | lr 1.34e-04 | gn 1.45
step     600 | 43 g/s | 0.09s | active: small, base, large
  small: loss 6.8962 | acc 0.010 | lr 1.32e-04 | gn 0.54
   base: loss 6.1894 | acc 0.045 | lr 1.32e-04 | gn 0.82
  large: loss 6.7813 | acc 0.012 | lr 1.32e-04 | gn 0.86
step     605 | 43 g/s | 0.09s | active: small, base, large
  small: loss 7.0049 | acc 0.004 | lr 1.30e-04 | gn 0.53
   base: loss 6.3501 | acc 0.027 | lr 1.30e-04 | gn 0.77
  large: loss 6.8668 | acc 0.004 | lr 1.30e-04 | gn 0.77
step     610 | 42 g/s | 0.10s | active: small, base, large
  small: loss 6.8479 | acc 0.007 | lr 1.28e-04 | gn 0.55
   base: loss 6.0352 | acc 0.041 | lr 1.28e-04 | gn 0.87
  large: loss 6.6642 | acc 0.008 | lr 1.28e-04 | gn 0.83
step     615 | 43 g/s | 0.09s | active: small, base, large
  small: loss 6.7481 | acc 0.007 | lr 1.25e-04 | gn 0.52
   base: loss 5.5899 | acc 0.052 | lr 1.25e-04 | gn 0.87
  large: loss 6.4512 | acc 0.010 | lr 1.25e-04 | gn 0.83
step     620 | 44 g/s | 0.09s | active: small, base, large
  small: loss 6.8983 | acc 0.006 | lr 1.23e-04 | gn 0.60
   base: loss 6.3251 | acc 0.028 | lr 1.23e-04 | gn 0.94
  large: loss 6.7831 | acc 0.004 | lr 1.23e-04 | gn 0.98
step     625 | 43 g/s | 0.09s | active: small, base, large
  small: loss 6.6285 | acc 0.009 | lr 1.21e-04 | gn 0.63
   base: loss 5.6193 | acc 0.049 | lr 1.21e-04 | gn 0.98
  large: loss 6.3500 | acc 0.009 | lr 1.21e-04 | gn 0.80
step     630 | 43 g/s | 0.09s | active: small, base, large
  small: loss 6.9493 | acc 0.012 | lr 1.19e-04 | gn 0.58
   base: loss 6.1303 | acc 0.045 | lr 1.19e-04 | gn 0.85
  large: loss 6.7464 | acc 0.010 | lr 1.19e-04 | gn 0.73
step     635 | 43 g/s | 0.09s | active: small, base, large
  small: loss 6.6346 | acc 0.011 | lr 1.17e-04 | gn 0.71
   base: loss 6.1287 | acc 0.031 | lr 1.17e-04 | gn 1.04
  large: loss 6.5009 | acc 0.011 | lr 1.17e-04 | gn 0.96
step     640 | 43 g/s | 0.09s | active: small, base, large
  small: loss 6.7907 | acc 0.008 | lr 1.15e-04 | gn 0.61
   base: loss 5.8215 | acc 0.057 | lr 1.15e-04 | gn 0.79
  large: loss 6.5352 | acc 0.015 | lr 1.15e-04 | gn 0.76
step     645 | 43 g/s | 0.09s | active: small, base, large
  small: loss 6.9289 | acc 0.004 | lr 1.13e-04 | gn 0.60
   base: loss 6.1177 | acc 0.032 | lr 1.13e-04 | gn 1.00
  large: loss 6.7868 | acc 0.004 | lr 1.13e-04 | gn 1.10
step     650 | 43 g/s | 0.09s | active: small, base, large
  small: loss 6.7744 | acc 0.007 | lr 1.11e-04 | gn 0.52
   base: loss 5.7977 | acc 0.055 | lr 1.11e-04 | gn 0.94
  large: loss 6.5841 | acc 0.010 | lr 1.11e-04 | gn 1.02
step     655 | 44 g/s | 0.09s | active: small, base, large
  small: loss 6.8734 | acc 0.005 | lr 1.09e-04 | gn 0.66
   base: loss 6.1103 | acc 0.038 | lr 1.09e-04 | gn 0.97
  large: loss 6.6814 | acc 0.014 | lr 1.09e-04 | gn 1.21
step     660 | 44 g/s | 0.09s | active: small, base, large
  small: loss 6.7349 | acc 0.007 | lr 1.07e-04 | gn 0.77
   base: loss 5.7349 | acc 0.041 | lr 1.07e-04 | gn 0.97
  large: loss 6.5221 | acc 0.007 | lr 1.07e-04 | gn 1.06
step     665 | 43 g/s | 0.09s | active: small, base, large
  small: loss 6.7096 | acc 0.005 | lr 1.05e-04 | gn 0.63
   base: loss 5.5598 | acc 0.058 | lr 1.05e-04 | gn 0.90
  large: loss 6.4230 | acc 0.014 | lr 1.05e-04 | gn 1.11
step     670 | 43 g/s | 0.09s | active: small, base, large
  small: loss 6.6143 | acc 0.010 | lr 1.03e-04 | gn 0.88
   base: loss 5.4758 | acc 0.055 | lr 1.03e-04 | gn 1.12
  large: loss 6.3704 | acc 0.016 | lr 1.03e-04 | gn 1.13
step     675 | 43 g/s | 0.09s | active: small, base, large
  small: loss 6.7488 | acc 0.009 | lr 1.01e-04 | gn 0.74
   base: loss 6.0455 | acc 0.038 | lr 1.01e-04 | gn 1.00
  large: loss 6.5958 | acc 0.013 | lr 1.01e-04 | gn 1.00
step     680 | 44 g/s | 0.09s | active: small, base, large
  small: loss 6.9085 | acc 0.011 | lr 9.88e-05 | gn 0.66
   base: loss 6.4203 | acc 0.018 | lr 9.88e-05 | gn 0.95
  large: loss 6.8117 | acc 0.011 | lr 9.88e-05 | gn 0.80
step     685 | 43 g/s | 0.09s | active: small, base, large
  small: loss 6.6892 | acc 0.009 | lr 9.69e-05 | gn 0.71
   base: loss 5.6231 | acc 0.049 | lr 9.69e-05 | gn 0.96
  large: loss 6.4629 | acc 0.011 | lr 9.69e-05 | gn 0.98
step     690 | 43 g/s | 0.09s | active: small, base, large
  small: loss 6.8353 | acc 0.006 | lr 9.49e-05 | gn 0.67
   base: loss 6.0910 | acc 0.036 | lr 9.49e-05 | gn 0.94
  large: loss 6.6832 | acc 0.006 | lr 9.49e-05 | gn 0.73
step     695 | 43 g/s | 0.09s | active: small, base, large
  small: loss 6.6955 | acc 0.006 | lr 9.30e-05 | gn 0.49
   base: loss 5.5185 | acc 0.049 | lr 9.30e-05 | gn 0.83
  large: loss 6.4580 | acc 0.011 | lr 9.30e-05 | gn 0.88
step     700 | 43 g/s | 0.09s | active: small, base, large
  small: loss 6.8419 | acc 0.010 | lr 9.12e-05 | gn 0.65
   base: loss 5.9668 | acc 0.033 | lr 9.12e-05 | gn 0.99
  large: loss 6.6647 | acc 0.016 | lr 9.12e-05 | gn 0.70
step     705 | 43 g/s | 0.09s | active: small, base, large
  small: loss 6.5759 | acc 0.014 | lr 8.93e-05 | gn 0.66
   base: loss 5.3776 | acc 0.068 | lr 8.93e-05 | gn 0.89
  large: loss 6.2918 | acc 0.016 | lr 8.93e-05 | gn 1.64
step     710 | 43 g/s | 0.09s | active: small, base, large
  small: loss 6.8391 | acc 0.009 | lr 8.75e-05 | gn 0.62
   base: loss 5.9761 | acc 0.032 | lr 8.75e-05 | gn 0.99
  large: loss 6.6610 | acc 0.010 | lr 8.75e-05 | gn 0.99
step     715 | 43 g/s | 0.09s | active: small, base, large
  small: loss 6.8929 | acc 0.005 | lr 8.56e-05 | gn 0.58
   base: loss 6.2660 | acc 0.018 | lr 8.56e-05 | gn 0.96
  large: loss 6.7939 | acc 0.012 | lr 8.56e-05 | gn 0.87
step     720 | 43 g/s | 0.09s | active: small, base, large
  small: loss 6.8551 | acc 0.009 | lr 8.39e-05 | gn 0.64
   base: loss 5.9251 | acc 0.043 | lr 8.39e-05 | gn 0.91
  large: loss 6.6893 | acc 0.011 | lr 8.39e-05 | gn 0.91
step     725 | 44 g/s | 0.09s | active: small, base, large
  small: loss 6.7721 | acc 0.008 | lr 8.21e-05 | gn 0.83
   base: loss 6.0829 | acc 0.029 | lr 8.21e-05 | gn 1.37
  large: loss 6.6556 | acc 0.006 | lr 8.21e-05 | gn 0.95
step     730 | 43 g/s | 0.09s | active: small, base, large
  small: loss 6.5663 | acc 0.009 | lr 8.03e-05 | gn 0.89
   base: loss 5.4437 | acc 0.063 | lr 8.03e-05 | gn 1.16
  large: loss 6.3308 | acc 0.013 | lr 8.03e-05 | gn 1.13
step     735 | 44 g/s | 0.09s | active: small, base, large
  small: loss 6.7905 | acc 0.007 | lr 7.86e-05 | gn 0.62
   base: loss 5.9416 | acc 0.038 | lr 7.86e-05 | gn 1.25
  large: loss 6.6022 | acc 0.009 | lr 7.86e-05 | gn 0.77
step     740 | 43 g/s | 0.09s | active: small, base, large
  small: loss 6.4369 | acc 0.016 | lr 7.69e-05 | gn 0.77
   base: loss 5.3911 | acc 0.062 | lr 7.69e-05 | gn 1.06
  large: loss 6.2077 | acc 0.019 | lr 7.69e-05 | gn 0.86
step     745 | 43 g/s | 0.09s | active: small, base, large
  small: loss 6.7583 | acc 0.008 | lr 7.52e-05 | gn 0.67
   base: loss 5.9924 | acc 0.031 | lr 7.52e-05 | gn 1.15
  large: loss 6.6193 | acc 0.011 | lr 7.52e-05 | gn 1.27
step     750 | 44 g/s | 0.09s | active: small, base, large
  small: loss 6.6246 | acc 0.008 | lr 7.36e-05 | gn 1.03
   base: loss 5.8817 | acc 0.034 | lr 7.36e-05 | gn 1.42
  large: loss 6.4678 | acc 0.015 | lr 7.36e-05 | gn 1.63
step     755 | 44 g/s | 0.09s | active: small, base, large
  small: loss 6.7399 | acc 0.007 | lr 7.19e-05 | gn 0.96
   base: loss 5.9477 | acc 0.032 | lr 7.19e-05 | gn 1.37
  large: loss 6.5945 | acc 0.008 | lr 7.19e-05 | gn 1.17
step     760 | 43 g/s | 0.09s | active: small, base, large
  small: loss 6.7984 | acc 0.014 | lr 7.03e-05 | gn 0.83
   base: loss 6.1576 | acc 0.029 | lr 7.03e-05 | gn 1.18
  large: loss 6.6905 | acc 0.011 | lr 7.03e-05 | gn 0.85
step     765 | 44 g/s | 0.09s | active: small, base, large
  small: loss 6.6891 | acc 0.022 | lr 6.88e-05 | gn 1.08
   base: loss 5.8769 | acc 0.036 | lr 6.88e-05 | gn 1.10
  large: loss 6.5820 | acc 0.007 | lr 6.88e-05 | gn 2.00
step     770 | 42 g/s | 0.09s | active: small, base, large
  small: loss 6.5872 | acc 0.021 | lr 6.72e-05 | gn 0.74
   base: loss 5.6239 | acc 0.038 | lr 6.72e-05 | gn 1.12
  large: loss 6.4045 | acc 0.014 | lr 6.72e-05 | gn 1.50
step     775 | 43 g/s | 0.09s | active: small, base, large
  small: loss 6.4204 | acc 0.027 | lr 6.57e-05 | gn 1.03
   base: loss 5.4695 | acc 0.050 | lr 6.57e-05 | gn 1.18
  large: loss 6.2664 | acc 0.018 | lr 6.57e-05 | gn 2.08
step     780 | 44 g/s | 0.09s | active: small, base, large
  small: loss 6.6611 | acc 0.022 | lr 6.42e-05 | gn 0.99
   base: loss 5.8382 | acc 0.041 | lr 6.42e-05 | gn 1.03
  large: loss 6.5464 | acc 0.015 | lr 6.42e-05 | gn 1.27
step     785 | 43 g/s | 0.09s | active: small, base, large
  small: loss 6.6054 | acc 0.025 | lr 6.27e-05 | gn 0.94
   base: loss 5.8534 | acc 0.040 | lr 6.27e-05 | gn 1.22
  large: loss 6.4667 | acc 0.016 | lr 6.27e-05 | gn 0.86
step     790 | 43 g/s | 0.09s | active: small, base, large
  small: loss 6.6516 | acc 0.031 | lr 6.13e-05 | gn 0.88
   base: loss 5.7955 | acc 0.031 | lr 6.13e-05 | gn 1.14
  large: loss 6.5528 | acc 0.016 | lr 6.13e-05 | gn 1.14
step     795 | 43 g/s | 0.09s | active: small, base, large
  small: loss 6.5757 | acc 0.033 | lr 5.99e-05 | gn 1.72
   base: loss 5.6418 | acc 0.037 | lr 5.99e-05 | gn 1.12
  large: loss 6.4437 | acc 0.011 | lr 5.99e-05 | gn 1.03
step     800 | 43 g/s | 0.09s | active: small, base, large
  small: loss 6.4715 | acc 0.041 | lr 5.85e-05 | gn 1.13
   base: loss 5.4780 | acc 0.051 | lr 5.85e-05 | gn 1.21
  large: loss 6.3303 | acc 0.012 | lr 5.85e-05 | gn 1.69
step     805 | 44 g/s | 0.09s | active: small, base, large
  small: loss 6.6896 | acc 0.019 | lr 5.71e-05 | gn 1.17
   base: loss 6.0883 | acc 0.024 | lr 5.71e-05 | gn 1.29
  large: loss 6.6484 | acc 0.007 | lr 5.71e-05 | gn 1.27
step     810 | 43 g/s | 0.09s | active: small, base, large
  small: loss 6.5692 | acc 0.040 | lr 5.58e-05 | gn 1.79
   base: loss 5.6524 | acc 0.040 | lr 5.58e-05 | gn 1.17
  large: loss 6.5034 | acc 0.016 | lr 5.58e-05 | gn 1.26
step     815 | 43 g/s | 0.09s | active: small, base, large
  small: loss 6.5312 | acc 0.038 | lr 5.45e-05 | gn 1.37
   base: loss 5.6764 | acc 0.041 | lr 5.45e-05 | gn 1.18
  large: loss 6.4420 | acc 0.016 | lr 5.45e-05 | gn 0.80
step     820 | 43 g/s | 0.09s | active: small, base, large
  small: loss 6.3454 | acc 0.043 | lr 5.32e-05 | gn 1.17
   base: loss 5.2928 | acc 0.061 | lr 5.32e-05 | gn 1.26
  large: loss 6.2654 | acc 0.016 | lr 5.32e-05 | gn 1.08
step     825 | 43 g/s | 0.09s | active: small, base, large
  small: loss 6.5113 | acc 0.037 | lr 5.20e-05 | gn 1.40
   base: loss 5.8645 | acc 0.031 | lr 5.20e-05 | gn 1.35
  large: loss 6.5165 | acc 0.012 | lr 5.20e-05 | gn 0.89
step     830 | 43 g/s | 0.09s | active: small, base, large
  small: loss 6.4258 | acc 0.044 | lr 5.08e-05 | gn 1.25
   base: loss 5.5064 | acc 0.051 | lr 5.08e-05 | gn 1.19
  large: loss 6.3949 | acc 0.012 | lr 5.08e-05 | gn 1.50
step     835 | 44 g/s | 0.09s | active: small, base, large
  small: loss 6.4525 | acc 0.045 | lr 4.96e-05 | gn 1.17
   base: loss 5.5780 | acc 0.051 | lr 4.96e-05 | gn 1.26
  large: loss 6.3978 | acc 0.015 | lr 4.96e-05 | gn 1.04
step     840 | 43 g/s | 0.09s | active: small, base, large
  small: loss 6.4524 | acc 0.044 | lr 4.85e-05 | gn 1.41
   base: loss 5.5892 | acc 0.051 | lr 4.85e-05 | gn 1.13
  large: loss 6.4266 | acc 0.020 | lr 4.85e-05 | gn 1.29
step     845 | 43 g/s | 0.09s | active: small, base, large
  small: loss 6.4483 | acc 0.040 | lr 4.73e-05 | gn 1.58
   base: loss 5.6443 | acc 0.046 | lr 4.73e-05 | gn 1.11
  large: loss 6.4281 | acc 0.011 | lr 4.73e-05 | gn 1.26
step     850 | 44 g/s | 0.09s | active: small, base, large
  small: loss 6.2603 | acc 0.049 | lr 4.63e-05 | gn 1.40
   base: loss 5.2885 | acc 0.056 | lr 4.63e-05 | gn 1.14
  large: loss 6.2026 | acc 0.025 | lr 4.63e-05 | gn 1.15
step     855 | 43 g/s | 0.09s | active: small, base, large
  small: loss 6.2624 | acc 0.058 | lr 4.52e-05 | gn 1.39
   base: loss 5.3177 | acc 0.041 | lr 4.52e-05 | gn 1.13
  large: loss 6.2494 | acc 0.018 | lr 4.52e-05 | gn 1.15
step     860 | 43 g/s | 0.09s | active: small, base, large
  small: loss 6.4745 | acc 0.040 | lr 4.42e-05 | gn 0.94
   base: loss 5.7028 | acc 0.045 | lr 4.42e-05 | gn 1.30
  large: loss 6.4438 | acc 0.016 | lr 4.42e-05 | gn 0.86
step     865 | 43 g/s | 0.09s | active: small, base, large
  small: loss 6.1110 | acc 0.055 | lr 4.32e-05 | gn 1.05
   base: loss 5.0963 | acc 0.062 | lr 4.32e-05 | gn 1.35
  large: loss 6.1267 | acc 0.020 | lr 4.32e-05 | gn 1.08
step     870 | 43 g/s | 0.09s | active: small, base, large
  small: loss 6.4977 | acc 0.038 | lr 4.23e-05 | gn 0.95
   base: loss 5.7927 | acc 0.035 | lr 4.23e-05 | gn 1.26
  large: loss 6.5163 | acc 0.014 | lr 4.23e-05 | gn 1.18
step     875 | 44 g/s | 0.09s | active: small, base, large
  small: loss 6.2949 | acc 0.052 | lr 4.14e-05 | gn 1.60
   base: loss 5.3848 | acc 0.053 | lr 4.14e-05 | gn 1.27
  large: loss 6.2534 | acc 0.017 | lr 4.14e-05 | gn 1.59
step     880 | 44 g/s | 0.09s | active: small, base, large
  small: loss 6.4785 | acc 0.030 | lr 4.05e-05 | gn 1.12
   base: loss 5.8606 | acc 0.034 | lr 4.05e-05 | gn 1.32
  large: loss 6.4595 | acc 0.009 | lr 4.05e-05 | gn 1.56
step     885 | 43 g/s | 0.09s | active: small, base, large
  small: loss 6.3995 | acc 0.039 | lr 3.96e-05 | gn 0.98
   base: loss 5.5553 | acc 0.040 | lr 3.96e-05 | gn 1.27
  large: loss 6.4095 | acc 0.012 | lr 3.96e-05 | gn 1.58
step     890 | 43 g/s | 0.09s | active: small, base, large
  small: loss 6.5710 | acc 0.036 | lr 3.88e-05 | gn 0.86
   base: loss 5.9972 | acc 0.028 | lr 3.88e-05 | gn 1.32
  large: loss 6.5759 | acc 0.011 | lr 3.88e-05 | gn 0.79
step     895 | 43 g/s | 0.09s | active: small, base, large
  small: loss 6.7285 | acc 0.023 | lr 3.81e-05 | gn 0.92
   base: loss 6.1223 | acc 0.033 | lr 3.81e-05 | gn 1.24
  large: loss 6.7359 | acc 0.010 | lr 3.81e-05 | gn 0.87
step     900 | 43 g/s | 0.09s | active: small, base, large
  small: loss 6.3725 | acc 0.052 | lr 3.73e-05 | gn 1.23
   base: loss 5.5210 | acc 0.048 | lr 3.73e-05 | gn 1.16
  large: loss 6.3645 | acc 0.022 | lr 3.73e-05 | gn 1.20
step     905 | 43 g/s | 0.09s | active: small, base, large
  small: loss 6.5772 | acc 0.027 | lr 3.66e-05 | gn 1.13
   base: loss 5.9294 | acc 0.031 | lr 3.66e-05 | gn 1.34
  large: loss 6.5991 | acc 0.013 | lr 3.66e-05 | gn 0.91
step     910 | 43 g/s | 0.09s | active: small, base, large
  small: loss 6.4025 | acc 0.056 | lr 3.59e-05 | gn 0.86
   base: loss 5.6538 | acc 0.049 | lr 3.59e-05 | gn 1.17
  large: loss 6.4153 | acc 0.016 | lr 3.59e-05 | gn 0.96
step     915 | 44 g/s | 0.09s | active: small, base, large
  small: loss 6.4665 | acc 0.033 | lr 3.53e-05 | gn 0.84
   base: loss 5.7964 | acc 0.042 | lr 3.53e-05 | gn 1.36
  large: loss 6.5031 | acc 0.014 | lr 3.53e-05 | gn 0.89
step     920 | 43 g/s | 0.09s | active: small, base, large
  small: loss 6.3557 | acc 0.053 | lr 3.47e-05 | gn 0.87
   base: loss 5.5521 | acc 0.049 | lr 3.47e-05 | gn 1.23
  large: loss 6.3812 | acc 0.024 | lr 3.47e-05 | gn 0.92
step     925 | 43 g/s | 0.09s | active: small, base, large
  small: loss 6.2529 | acc 0.048 | lr 3.41e-05 | gn 0.83
   base: loss 5.4394 | acc 0.056 | lr 3.41e-05 | gn 1.04
  large: loss 6.2366 | acc 0.016 | lr 3.41e-05 | gn 2.05
step     930 | 42 g/s | 0.09s | active: small, base, large
  small: loss 6.3180 | acc 0.038 | lr 3.36e-05 | gn 1.38
   base: loss 5.5936 | acc 0.047 | lr 3.36e-05 | gn 1.45
  large: loss 6.3905 | acc 0.015 | lr 3.36e-05 | gn 1.16
step     935 | 43 g/s | 0.09s | active: small, base, large
  small: loss 6.3204 | acc 0.037 | lr 3.31e-05 | gn 1.05
   base: loss 5.5004 | acc 0.040 | lr 3.31e-05 | gn 1.24
  large: loss 6.3154 | acc 0.009 | lr 3.31e-05 | gn 0.80
step     940 | 43 g/s | 0.09s | active: small, base, large
  small: loss 6.5188 | acc 0.038 | lr 3.26e-05 | gn 0.94
   base: loss 5.8532 | acc 0.032 | lr 3.26e-05 | gn 1.23
  large: loss 6.6048 | acc 0.018 | lr 3.26e-05 | gn 1.06
step     945 | 43 g/s | 0.09s | active: small, base, large
  small: loss 5.8094 | acc 0.068 | lr 3.22e-05 | gn 1.25
   base: loss 4.8050 | acc 0.074 | lr 3.22e-05 | gn 1.14
  large: loss 5.8629 | acc 0.029 | lr 3.22e-05 | gn 1.27
step     950 | 43 g/s | 0.09s | active: small, base, large
  small: loss 6.4649 | acc 0.032 | lr 3.18e-05 | gn 1.07
   base: loss 5.7286 | acc 0.035 | lr 3.18e-05 | gn 1.29
  large: loss 6.4822 | acc 0.012 | lr 3.18e-05 | gn 2.20
step     955 | 43 g/s | 0.09s | active: small, base, large
  small: loss 6.2349 | acc 0.045 | lr 3.15e-05 | gn 0.76
   base: loss 5.4057 | acc 0.056 | lr 3.15e-05 | gn 1.19
  large: loss 6.2646 | acc 0.021 | lr 3.15e-05 | gn 1.39
step     960 | 43 g/s | 0.09s | active: small, base, large
  small: loss 6.3704 | acc 0.046 | lr 3.12e-05 | gn 1.09
   base: loss 5.5951 | acc 0.050 | lr 3.12e-05 | gn 1.14
  large: loss 6.4124 | acc 0.016 | lr 3.12e-05 | gn 1.24
step     965 | 43 g/s | 0.09s | active: small, base, large
  small: loss 6.2287 | acc 0.052 | lr 3.09e-05 | gn 0.92
   base: loss 5.4860 | acc 0.056 | lr 3.09e-05 | gn 1.29
  large: loss 6.3110 | acc 0.024 | lr 3.09e-05 | gn 1.16
step     970 | 44 g/s | 0.09s | active: small, base, large
  small: loss 6.5039 | acc 0.032 | lr 3.07e-05 | gn 0.84
   base: loss 5.7754 | acc 0.040 | lr 3.07e-05 | gn 1.21
  large: loss 6.5772 | acc 0.015 | lr 3.07e-05 | gn 1.68
step     975 | 43 g/s | 0.09s | active: small, base, large
  small: loss 6.4141 | acc 0.037 | lr 3.05e-05 | gn 0.92
   base: loss 5.6869 | acc 0.046 | lr 3.05e-05 | gn 1.41
  large: loss 6.4544 | acc 0.015 | lr 3.05e-05 | gn 1.33
step     980 | 43 g/s | 0.09s | active: small, base, large
  small: loss 6.5115 | acc 0.027 | lr 3.03e-05 | gn 0.90
   base: loss 5.8868 | acc 0.036 | lr 3.03e-05 | gn 1.28
  large: loss 6.5417 | acc 0.016 | lr 3.03e-05 | gn 1.63
step     985 | 44 g/s | 0.09s | active: small, base, large
  small: loss 6.5450 | acc 0.029 | lr 3.02e-05 | gn 0.83
   base: loss 5.9134 | acc 0.030 | lr 3.02e-05 | gn 1.31
  large: loss 6.6296 | acc 0.015 | lr 3.02e-05 | gn 0.92
step     990 | 44 g/s | 0.09s | active: small, base, large
  small: loss 6.4195 | acc 0.036 | lr 3.01e-05 | gn 1.22
   base: loss 5.8108 | acc 0.037 | lr 3.01e-05 | gn 1.41
  large: loss 6.4419 | acc 0.020 | lr 3.01e-05 | gn 1.41
step     995 | 43 g/s | 0.09s | active: small, base, large
  small: loss 6.3441 | acc 0.041 | lr 3.00e-05 | gn 1.04
   base: loss 5.7224 | acc 0.046 | lr 3.00e-05 | gn 1.26
  large: loss 6.3871 | acc 0.022 | lr 3.00e-05 | gn 0.87
step    1000 | 44 g/s | 0.09s | active: small, base, large
  small: loss 6.4995 | acc 0.032 | lr 3.00e-05 | gn 0.78
   base: loss 5.8769 | acc 0.035 | lr 3.00e-05 | gn 1.28
  large: loss 6.5673 | acc 0.017 | lr 3.00e-05 | gn 2.36

Training complete at step 1000
  [small] Checkpoint saved: /home/tas/pawn/bench/results/clm-bench/sweep/v1_cotrain_b4/run_20260528_220126_small_lush-bear/checkpoints/step_00001000
  [base] Checkpoint saved: /home/tas/pawn/bench/results/clm-bench/sweep/v1_cotrain_b4/run_20260528_220126_base_lush-bear/checkpoints/step_00001000
  [large] Checkpoint saved: /home/tas/pawn/bench/results/clm-bench/sweep/v1_cotrain_b4/run_20260528_220127_large_lush-bear/checkpoints/step_00001000

All done.
Warning: Resource leak detected by SharedSignalPool, 5 Signals leaked.
