W20260528 22:42:20.470343 128385963806592 agent.cpp:608] sysfs nodes path '/sys/class/kfd/kfd/topology/nodes' does not exist
An NVIDIA GPU may be present on this machine, but a CUDA-enabled jaxlib is not installed. Falling back to gpu.
W0528 22:46:07.436127 1278594 bfc_allocator.cc:502] Allocator (GPU_0_bfc) ran out of memory trying to allocate 9.80GiB (rounded to 10519092480)requested by op 
If the cause is memory fragmentation maybe the environment variable 'TF_GPU_ALLOCATOR=cuda_malloc_async' will improve the situation. 
Current allocation summary follows.
Current allocation summary follows.
W0528 22:46:07.436310 1278594 bfc_allocator.cc:513] ****_________________________________________________*______________________________________________
JAX compilation cache: /home/tas/.cache/jax-pawn
Traceback (most recent call last):
  File "/home/tas/pawn/scripts/train_jax.py", line 518, in <module>
    raise SystemExit(main())
                     ^^^^^^
  File "/home/tas/pawn/scripts/train_jax.py", line 453, in main
    state, chunk_losses = scan_step(state, chunk_batches)
                          ^^^^^^^^^^^^^^^^^^^^^^^^^^^^^^^
  File "/home/tas/pawn/.venv/lib/python3.12/site-packages/equinox/_jit.py", line 209, in __call__
    return _call(self, False, args, kwargs)
           ^^^^^^^^^^^^^^^^^^^^^^^^^^^^^^^^
  File "/home/tas/pawn/.venv/lib/python3.12/site-packages/equinox/_jit.py", line 271, in _call
    marker.block_until_ready()
jax.errors.JaxRuntimeError: RESOURCE_EXHAUSTED: Out of memory while trying to allocate 9.80GiB.
Warning: Resource leak detected by SharedSignalPool, 508 Signals leaked.
