W20260528 23:04:49.683626 139251855785856 agent.cpp:608] sysfs nodes path '/sys/class/kfd/kfd/topology/nodes' does not exist
An NVIDIA GPU may be present on this machine, but a CUDA-enabled jaxlib is not installed. Falling back to gpu.
W0528 23:05:39.165848 1393789 hlo_rematerialization.cc:3233] Can't reduce memory use below 14.22GiB (15269028734 bytes) by rematerialization; only reduced to 15.02GiB (16130047616 bytes), down from 17.61GiB (18910137524 bytes) originally
W0528 23:06:17.677639 1393660 bfc_allocator.cc:502] Allocator (GPU_0_bfc) ran out of memory trying to allocate 15.31GiB (rounded to 16443488000)requested by op 
If the cause is memory fragmentation maybe the environment variable 'TF_GPU_ALLOCATOR=cuda_malloc_async' will improve the situation. 
Current allocation summary follows.
Current allocation summary follows.
W0528 23:06:17.677749 1393660 bfc_allocator.cc:513] ****________________________________________________________________________________________________
JAX compilation cache: /home/tas/.cache/jax-pawn
Traceback (most recent call last):
  File "/home/tas/pawn/scripts/train_jax.py", line 518, in <module>
    raise SystemExit(main())
                     ^^^^^^
  File "/home/tas/pawn/scripts/train_jax.py", line 453, in main
    state, chunk_losses = scan_step(state, chunk_batches)
                          ^^^^^^^^^^^^^^^^^^^^^^^^^^^^^^^
  File "/home/tas/pawn/.venv/lib/python3.12/site-packages/equinox/_jit.py", line 209, in __call__
    return _call(self, False, args, kwargs)
           ^^^^^^^^^^^^^^^^^^^^^^^^^^^^^^^^
  File "/home/tas/pawn/.venv/lib/python3.12/site-packages/equinox/_jit.py", line 271, in _call
    marker.block_until_ready()
jax.errors.JaxRuntimeError: RESOURCE_EXHAUSTED: Out of memory while trying to allocate 15.31GiB.
Warning: Resource leak detected by SharedSignalPool, 508 Signals leaked.
