====================================================
5090 bench harness — label: 5090-44c49a7
Git SHA: unknown
Launcher: python
JAX device: cuda:0
====================================================

==> Step 1a: cost(T) curve SUPERNET LARGE B=64 1v
==> T=128
E0528 20:08:30.409517    1815 cuda_timer.cc:87] Delay kernel timed out: measured time has sub-optimal accuracy. There may be a missing warmup execution, please investigate in Nsight Systems.
    17.89 ms/step  3576.9 sam/s
==> T=256
    36.20 ms/step  1767.8 sam/s
==> T=384
    55.85 ms/step  1145.9 sam/s
==> T=512
    76.58 ms/step  835.8 sam/s

Fit: cost(T) = 1.3424e-01 * T + 2.9721e-05 * T^2  (ms/step)
Wrote /opt/pawn/bench/results/cost_curve-no-git-20260528T201150Z.json

==> Step 1b: cost(T) curve SUPERNET LARGE B=64 3v-stoch
==> T=128
E0528 20:12:06.209797   10041 cuda_timer.cc:87] Delay kernel timed out: measured time has sub-optimal accuracy. There may be a missing warmup execution, please investigate in Nsight Systems.
    33.21 ms/step  1927.0 sam/s
==> T=256
E0528 20:13:49.109795   10030 cuda_timer.cc:87] Delay kernel timed out: measured time has sub-optimal accuracy. There may be a missing warmup execution, please investigate in Nsight Systems.
    66.59 ms/step  961.1 sam/s
==> T=384
    101.89 ms/step  628.1 sam/s
==> T=512
W0528 20:17:45.346147    9813 hlo_rematerialization.cc:3233] Can't reduce memory use below 22.35GiB (24002486654 bytes) by rematerialization; only reduced to 22.93GiB (24624716112 bytes), down from 22.93GiB (24624716116 bytes) originally
    139.04 ms/step  460.3 sam/s

Fit: cost(T) = 2.5034e-01 * T + 4.0825e-05 * T^2  (ms/step)
Wrote /opt/pawn/bench/results/cost_curve-no-git-20260528T201930Z.json

==> Step 2: full bench matrix
==> BASE-B64-1v
    77.24 ms/step  828.6 sam/s  peak 7713.051025390625
==> BASE-B64-3v-det
E0528 20:21:58.109822   25926 cuda_timer.cc:87] Delay kernel timed out: measured time has sub-optimal accuracy. There may be a missing warmup execution, please investigate in Nsight Systems.
    148.96 ms/step  429.6 sam/s  peak 16518.650390625
==> BASE-B64-3v-stoch
W0528 20:26:49.819583   25690 hlo_rematerialization.cc:3233] Can't reduce memory use below 22.35GiB (24002486654 bytes) by rematerialization; only reduced to 22.93GiB (24624716112 bytes), down from 22.93GiB (24624716116 bytes) originally
    138.78 ms/step  461.2 sam/s  peak 20297.90185546875
==> BASE-B128-1v
    163.73 ms/step  781.8 sam/s  peak 20297.90185546875
==> BASE-B128-3v-det
E0528 20:36:17.009851   25914 cuda_timer.cc:87] Delay kernel timed out: measured time has sub-optimal accuracy. There may be a missing warmup execution, please investigate in Nsight Systems.
W0528 20:36:45.578237   25690 hlo_rematerialization.cc:3233] Can't reduce memory use below 22.34GiB (23988478334 bytes) by rematerialization; only reduced to 28.85GiB (30973575832 bytes), down from 31.36GiB (33677970668 bytes) originally
W0528 20:37:17.883716   25690 bfc_allocator.cc:502] Allocator (GPU_0_bfc) ran out of memory trying to allocate 30.44GiB (rounded to 32686380544)requested by op 
If the cause is memory fragmentation maybe the environment variable 'TF_GPU_ALLOCATOR=cuda_malloc_async' will improve the situation. 
Current allocation summary follows.
Current allocation summary follows.
W0528 20:37:17.883919   25690 bfc_allocator.cc:513] ***_________________________________________________________________________________________________
    FAILED: RESOURCE_EXHAUSTED: Out of memory while trying to allocate 30.44GiB.
==> BASE-B128-3v-stoch
W0528 20:37:25.014774   25690 hlo_rematerialization.cc:3233] Can't reduce memory use below 22.34GiB (23988478334 bytes) by rematerialization; only reduced to 42.11GiB (45216698448 bytes), down from 44.62GiB (47908673876 bytes) originally
W0528 20:37:57.019430   25690 bfc_allocator.cc:502] Allocator (GPU_0_bfc) ran out of memory trying to allocate 37.17GiB (rounded to 39913518080)requested by op 
If the cause is memory fragmentation maybe the environment variable 'TF_GPU_ALLOCATOR=cuda_malloc_async' will improve the situation. 
Current allocation summary follows.
Current allocation summary follows.
W0528 20:37:57.019818   25690 bfc_allocator.cc:513] ***_________________________________________________________________________________________________
    FAILED: RESOURCE_EXHAUSTED: Out of memory while trying to allocate 37.17GiB.
==> BASE-B256-1v
E0528 20:38:05.309550   25903 cuda_timer.cc:87] Delay kernel timed out: measured time has sub-optimal accuracy. There may be a missing warmup execution, please investigate in Nsight Systems.
W0528 20:38:16.492298   25690 hlo_rematerialization.cc:3233] Can't reduce memory use below 22.31GiB (23960461694 bytes) by rematerialization; only reduced to 26.80GiB (28777695352 bytes), down from 28.38GiB (30469746792 bytes) originally
W0528 20:38:32.589565   25690 bfc_allocator.cc:502] Allocator (GPU_0_bfc) ran out of memory trying to allocate 27.23GiB (rounded to 29238670592)requested by op 
If the cause is memory fragmentation maybe the environment variable 'TF_GPU_ALLOCATOR=cuda_malloc_async' will improve the situation. 
Current allocation summary follows.
Current allocation summary follows.
W0528 20:38:32.589907   25690 bfc_allocator.cc:513] ***_________________________________________________________________________________________________
    FAILED: RESOURCE_EXHAUSTED: Out of memory while trying to allocate 27.23GiB.
==> BASE-B256-3v-det
W0528 20:39:47.045654   25690 hlo_rematerialization.cc:3233] Can't reduce memory use below 22.31GiB (23960461694 bytes) by rematerialization; only reduced to 59.90GiB (64318757408 bytes), down from 62.07GiB (66645789932 bytes) originally
W0528 20:40:15.483989   25690 bfc_allocator.cc:502] Allocator (GPU_0_bfc) ran out of memory trying to allocate 61.84GiB (rounded to 66400713216)requested by op 
If the cause is memory fragmentation maybe the environment variable 'TF_GPU_ALLOCATOR=cuda_malloc_async' will improve the situation. 
Current allocation summary follows.
Current allocation summary follows.
W0528 20:40:15.484245   25690 bfc_allocator.cc:513] ***_________________________________________________________________________________________________
    FAILED: RESOURCE_EXHAUSTED: Out of memory while trying to allocate 61.84GiB.
==> BASE-B256-3v-stoch
W0528 20:40:23.239552   25690 hlo_rematerialization.cc:3233] Can't reduce memory use below 22.31GiB (23960461694 bytes) by rematerialization; only reduced to 84.50GiB (90735775984 bytes), down from 88.74GiB (95283468628 bytes) originally
W0528 20:40:52.919143   25690 bfc_allocator.cc:502] Allocator (GPU_0_bfc) ran out of memory trying to allocate 74.03GiB (rounded to 79490845184)requested by op 
If the cause is memory fragmentation maybe the environment variable 'TF_GPU_ALLOCATOR=cuda_malloc_async' will improve the situation. 
Current allocation summary follows.
Current allocation summary follows.
W0528 20:40:52.919449   25690 bfc_allocator.cc:513] ***_________________________________________________________________________________________________
    FAILED: RESOURCE_EXHAUSTED: Out of memory while trying to allocate 74.03GiB.
==> LARGE-B64-1v
    76.83 ms/step  833.0 sam/s  peak 20297.90185546875
==> LARGE-B64-3v-det
    148.97 ms/step  429.6 sam/s  peak 20297.90185546875
==> LARGE-B64-3v-stoch
    138.73 ms/step  461.3 sam/s  peak 20297.90185546875
==> LARGE-B128-1v
    163.96 ms/step  780.7 sam/s  peak 20297.90185546875
==> LARGE-B128-3v-det
W0528 20:55:31.978920   25690 bfc_allocator.cc:502] Allocator (GPU_0_bfc) ran out of memory trying to allocate 30.44GiB (rounded to 32686380544)requested by op 
If the cause is memory fragmentation maybe the environment variable 'TF_GPU_ALLOCATOR=cuda_malloc_async' will improve the situation. 
Current allocation summary follows.
Current allocation summary follows.
W0528 20:55:31.979091   25690 bfc_allocator.cc:513] ***_________________________________________________________________________________________________
    FAILED: RESOURCE_EXHAUSTED: Out of memory while trying to allocate 30.44GiB.
==> LARGE-B128-3v-stoch
W0528 20:55:49.122664   25690 bfc_allocator.cc:502] Allocator (GPU_0_bfc) ran out of memory trying to allocate 37.17GiB (rounded to 39913518080)requested by op 
If the cause is memory fragmentation maybe the environment variable 'TF_GPU_ALLOCATOR=cuda_malloc_async' will improve the situation. 
Current allocation summary follows.
Current allocation summary follows.
W0528 20:55:49.122863   25690 bfc_allocator.cc:513] ***_________________________________________________________________________________________________
    FAILED: RESOURCE_EXHAUSTED: Out of memory while trying to allocate 37.17GiB.
==> LARGE-B256-1v
W0528 20:56:01.524221   25690 bfc_allocator.cc:502] Allocator (GPU_0_bfc) ran out of memory trying to allocate 27.23GiB (rounded to 29238670592)requested by op 
If the cause is memory fragmentation maybe the environment variable 'TF_GPU_ALLOCATOR=cuda_malloc_async' will improve the situation. 
Current allocation summary follows.
Current allocation summary follows.
W0528 20:56:01.524501   25690 bfc_allocator.cc:513] ***_________________________________________________________________________________________________
    FAILED: RESOURCE_EXHAUSTED: Out of memory while trying to allocate 27.23GiB.
==> LARGE-B256-3v-det
W0528 20:56:18.045298   25690 bfc_allocator.cc:502] Allocator (GPU_0_bfc) ran out of memory trying to allocate 61.84GiB (rounded to 66400713216)requested by op 
If the cause is memory fragmentation maybe the environment variable 'TF_GPU_ALLOCATOR=cuda_malloc_async' will improve the situation. 
Current allocation summary follows.
Current allocation summary follows.
W0528 20:56:18.045559   25690 bfc_allocator.cc:513] ***_________________________________________________________________________________________________
    FAILED: RESOURCE_EXHAUSTED: Out of memory while trying to allocate 61.84GiB.
==> LARGE-B256-3v-stoch
W0528 20:56:35.413846   25690 bfc_allocator.cc:502] Allocator (GPU_0_bfc) ran out of memory trying to allocate 74.03GiB (rounded to 79490845184)requested by op 
If the cause is memory fragmentation maybe the environment variable 'TF_GPU_ALLOCATOR=cuda_malloc_async' will improve the situation. 
Current allocation summary follows.
Current allocation summary follows.
W0528 20:56:35.413980   25690 bfc_allocator.cc:513] ***_________________________________________________________________________________________________
    FAILED: RESOURCE_EXHAUSTED: Out of memory while trying to allocate 74.03GiB.

Wrote /opt/pawn/bench/results/no-git-20260528T205635Z.json

==> Step 3a: end-to-end bucketed (default, AdamW, no grad-norm emit)
JAX compilation cache: /root/.cache/jax-pawn
W0528 20:57:22.559822   48591 bfc_allocator.cc:502] Allocator (GPU_0_bfc) ran out of memory trying to allocate 19.32GiB (rounded to 20743205632)requested by op 
If the cause is memory fragmentation maybe the environment variable 'TF_GPU_ALLOCATOR=cuda_malloc_async' will improve the situation. 
Current allocation summary follows.
Current allocation summary follows.
W0528 20:57:22.560027   48591 bfc_allocator.cc:513] ***_____________________________________________________________*___________________________________
Traceback (most recent call last):
  File "/opt/pawn/scripts/train_jax.py", line 518, in <module>
    raise SystemExit(main())
                     ^^^^^^
  File "/opt/pawn/scripts/train_jax.py", line 453, in main
    state, chunk_losses = scan_step(state, chunk_batches)
                          ^^^^^^^^^^^^^^^^^^^^^^^^^^^^^^^
  File "/opt/pawn/.venv/lib/python3.12/site-packages/equinox/_jit.py", line 209, in __call__
    return _call(self, False, args, kwargs)
           ^^^^^^^^^^^^^^^^^^^^^^^^^^^^^^^^
  File "/opt/pawn/.venv/lib/python3.12/site-packages/equinox/_jit.py", line 271, in _call
    marker.block_until_ready()
jax.errors.JaxRuntimeError: RESOURCE_EXHAUSTED: Out of memory while trying to allocate 19.32GiB.
