Strategy: specialized_clm
Device: cuda
Output: /home/tas/pawn/bench/results/clm-bench/v1/specialized_clm_20260528_203333_sly-parrot
GPU: AMD Radeon RX 7900 XT (ROCm)
  torch.compile: enabled (inductor)
  AMP: enabled (fp16)
  SDPA backend: default
Trainable params: 3,654,912

Preparing data: /home/tas/pawn/bench/results/clm-bench/data/train-00000.parquet
  Train: 945,876 games, Val: 512 games (carved from train tail; no separate validation split in dataset)
  Train: 945,876 games, Val: 512 games, steps_per_epoch=312, data_seed=788538170
  Precomputed legal masks for 8 val batches
Config written to /home/tas/pawn/bench/results/clm-bench/v1/specialized_clm_20260528_203333_sly-parrot/config.json
  Pre-warming compiled step at 1 bucket(s): [512]
  Pre-warm done in 5.5s

Baseline (before training):
  loss=30.8318, top1=7.5083%, top5=26.1981%

Training for up to 1 epochs (312 steps)
  Warmup: 15 steps, LR: 0.0003, AMP: bfloat16
  step     25 | loss=24.9330 top1=10.8986% lr=2.99e-04
  step     50 | loss=13.0214 top1=13.3216% lr=2.90e-04
  step     75 | loss=9.6693 top1=14.4749% lr=2.71e-04
  step    100 | loss=8.0963 top1=15.5999% lr=2.43e-04
  step    125 | loss=6.9309 top1=16.4391% lr=2.09e-04
W0528 20:38:11.126000 655748 torch/_dynamo/convert_frame.py:1676] [1/128] torch._dynamo hit config.recompile_limit (128)
W0528 20:38:11.126000 655748 torch/_dynamo/convert_frame.py:1676] [1/128]    function: 'torch_dynamo_resume_in__step_at_374' (/tmp/pawn-v1/pawn/adapter_training.py:374)
W0528 20:38:11.126000 655748 torch/_dynamo/convert_frame.py:1676] [1/128]    last reason: 1/127: tensor '___stack1' size mismatch at index 0. expected 4210, actual 4140
W0528 20:38:11.126000 655748 torch/_dynamo/convert_frame.py:1676] [1/128] To log all recompilation reasons, use TORCH_LOGS="recompiles".
W0528 20:38:11.126000 655748 torch/_dynamo/convert_frame.py:1676] [1/128] To diagnose recompilation issues, see https://pytorch.org/docs/main/compile/programming_model.recompilation.html
  step    150 | loss=6.1627 top1=17.4088% lr=1.71e-04
  step    175 | loss=5.6714 top1=18.1637% lr=1.32e-04
  step    200 | loss=5.2886 top1=18.7356% lr=9.35e-05
  step    225 | loss=5.0571 top1=19.1444% lr=5.92e-05
  step    250 | loss=4.8744 top1=19.3188% lr=3.11e-05
  step    275 | loss=4.7878 top1=19.7410% lr=1.13e-05
  step    300 | loss=4.7692 top1=19.7472% lr=1.21e-06
  Epoch   0 | train_loss=8.1083 train_top1=17.0289% | val_loss=4.8192 val_top1=19.4512% val_top5=47.2600% | 271.3s

  Reached step limit (312)

Done. Best val_loss=4.8192
Checkpoints saved to /home/tas/pawn/bench/results/clm-bench/v1/specialized_clm_20260528_203333_sly-parrot
Warning: Resource leak detected by SharedSignalPool, 149608 Signals leaked.
